// Jest Snapshot v1, https://goo.gl/fbAQLP

exports[`Should validate Error component should validate snapshot 1`] = `
<body>
  <div>
    Please enter commend:
    <input
      data-testid="inputCommend"
      id="inputCommend"
      type="text"
      value=""
    />
    <button
      id="submit"
    >
      Submit
    </button>
    <button
      id="clear"
    >
      Clear
    </button>
  </div>
</body>
`;
